run_005690	10.436292438920303 kW overload
Traceback (most recent call last):
  File "/home/ss7446s@ad.fh-aachen.de/Dokumente/tsib_generator/tsib_simuflex/Generation/Generator.py", line 556, in single_run
    raise ValueError(f"{violation} kW overload")
ValueError: 10.436292438920303 kW overload

---
run_005691	10.392888058547452 kW overload
Traceback (most recent call last):
  File "/home/ss7446s@ad.fh-aachen.de/Dokumente/tsib_generator/tsib_simuflex/Generation/Generator.py", line 556, in single_run
    raise ValueError(f"{violation} kW overload")
ValueError: 10.392888058547452 kW overload

---
run_005721	10.899100586547128 kW overload
Traceback (most recent call last):
  File "/home/ss7446s@ad.fh-aachen.de/Dokumente/tsib_generator/tsib_simuflex/Generation/Generator.py", line 556, in single_run
    raise ValueError(f"{violation} kW overload")
ValueError: 10.899100586547128 kW overload

---
run_005722	10.435164960750063 kW overload
Traceback (most recent call last):
  File "/home/ss7446s@ad.fh-aachen.de/Dokumente/tsib_generator/tsib_simuflex/Generation/Generator.py", line 556, in single_run
    raise ValueError(f"{violation} kW overload")
ValueError: 10.435164960750063 kW overload

---
